........................................................................XX..................................................................
........................................................................XX..................................................................
................................XX......................................XXXXXX..............................................................
................................XXXXX...................................XXXXXX..............................................................
...........................XXXXXXXXXXXX...............XX...............XXXXXXXX.....XX......................................................
...........................XXXXXXXXXXXXX..............XX.............XXXXXXXXXXXXX..XXXXXXXX................................................
...........................XX*XXXXXXXXXX......XX.....XXX...........XXXXXXXXX*XXXXXX.XXXXXXXX................................................
...........................XXXXXXXXXXX*XX....XXXX....XXX......XXXX.XXXXXXXXXXXXXXXXXXXXX*XX...XXXX..........................................
...........................XXXXXXXXXXX*XXX...XXXXXX.XXX.......XXXX.XXXXXXX**XXXXXXXXXXXXXXXXXXXXXXXX........................................
.........................XXXXXXXXXXXXXXXXXX.XXXXXXX.XXXX......XXXXXXXXXXXXXXXXXXXXX*XXXXXXXXXXXXXXXX........................................
.........................XXXXXXXXXXXXXX*XXXXXXXXXXX..XXX...XX.XXXXXXXXXXXXXXXXXXXXXXXXXXXXXXXXXXXXX.........................................
........................XXXXXXXXXXXXXXXXXXXXXXXX*XX..XXXXXXXXXX*XXXXXXXXXXXXXXXXXXXXXXXXXXXXXXXXXXX.........................................
.......................XXXXXXXXXXXXXXXXXXXXXX*XX*XXXXXXXXXXXXXXXXXXXX*XXXXXXXXXXX*XXXXXXXX*XXXXXXX....XXXX..................................
.......................XXXXXXXXXXXXXXXXXXXXXXXXXXXXXXXXXXXX**XXXXXXXXXXXXXXXXXXXXXXXXXXXX*XXXXXXX..XXXXXXX.......XXXX.......................
.......................XXXXXXXXXXXXXXXXXXXXXXXXXXXXXXXXXXXXXXXXXXXXXXXXXXXXXXXXXXXXXXXXXXXXXXXXXXXXXXXXXXXX......XXXX.......................
.....................XXXXXXXXXXXXXXXXXXXXXXXXXXXXXXXXXXXXXXXXXXXXXXXXXXXXXXXXXXXXXXXXXXXXXXXXXXX*XXXXXXXXXXXX...XXXXXX......................
....................XXXXX*XX*XXXXXXXXXXXXXXXXXXXXXXXXXXXXXX*XXXXXXXXXXXXXXXXXXXXXXXXXXXXXXXXXXXXXXXXXXXXXXXXXXX.XXXXXXXXXXXX................
....................XXXXXXXXXXXXXXXXXX*XXXXXXXXXXX*XXXXXX*XXXXXXXXXXXXXXXXXXXXXXXXXXXXXXXXXXXXXXXXXXXXXXXXXXXXX.XXXXXXXXXXXXX...............
..............XX..XX*XXXXXXXXXXXXXXXXXXXXXXXXXXXXXXXXXXXXXXXX*XXXXXXXXXXXXXXXXXXXXXXXXXXXXXXXXXXXXXXXXXXXXXXXXXXXXXXXXXXXXXXX...............
.............XXXXXXXXXXXXXXXXXXXXXXXXXXXXXXXXXXXXXXXXXXXXXXXXXXXX*XXXXXXXXX*XXXX*XXXXXXXXXXXXXXXXXXXXXXXXXX*XXXXXXXXXXXXXXXXXXX.............
.............XXXXXXXXXXXXXXXXXXXXXXXXXXXXXXXXXXXXXXXXXXXXXXXXXXXXXXXXXXXXXXXXXXX**XXXXXXXXXXXXXXX*XXXXXXXXXXXXXXXXXXXXXXXXXXXXX.............
............XXXXXXXXXXXXXXXXXXXXXXXXXXX*XXXXXXXXXXX*XXXXXXXXXXXXXXXXXXXXXXXXXXXXXXXX*XX*XXXXXXXXXXXXXXXXXXXXXXXXXX*XXXXXXXXXXXX.............
............XXXXXXXXXXXXXXXXXXXXXXXXXXXXXXXXXXXXXXXXXXXXXXXXXXX*XXXXXXXXXXXXXXXXXXXXXXXXXXXXXXXXXXXXXXXXXXX*XXXXXXXXXXXXXXXXXXX.............
...........XXXXXXXXXXXXXXXXXXXXXXXXXXXXXXXXXXXXX*XXXXXXXXXXXXXXXXXXXXXXXXXXXXXXX*XXXXXXXXXXXXXXXXXXXXXXXXXXXXXXXXXXXXXXXXXXXXXX.............
..........XXXXXXXXXXXXXXXXXXXXXXXXXXXXXX*XXXXXXXXXXXXXXXXXXXXXXXXXXXXXXXXXXXXXXXXXXXXXXXXXXXXXXXXXXXXXXXXXXXXXXXXXXXXXXXXXXXXXX.............
..........XXXXXXXXXXXXXXXXXXXX*XXXXXXXXXXXXXXXXXXXXXXXXXXXXXXXXXX*XX*XX*XXXXXXXXXXXXXXXXXXXXXXXXXXXXXXXXXXXXXXXXXXXXXXXXXXXXXXXXX...........
...........XXXXXXXXXXXXXXXXXXXXXXXXXXXXXXXX*XXXXX*XXXXXXXXXXXXXXXXXXXXXXXXXXXXXXXXXXXXXXXXXXXXXXXXX*XXXXXXXXXXXXXXXXXXX*XXX*XX*XXXX.........
...........XXXXX*XX*XXXXXXXXXXXXXXXXXXXXXXXXXXXXXXXXXXXXXXXXXXXXXXXXXXXXXXXXXXXXXXXXXXXXX*XXXXXXXXXXXXXXXXXXXXXXXXXXXXXXXXXXXXXXXXX.........
...........XXXXXXXXXXXXXXXXXXXXXXXXXXXXXXXXXXXXXXXXXXXXXXXXXXX*XXXXXXXXXXXXXX*XXXXXXXXXXXXXX*XXXXXXXXXXX*XXXXXXXXX*XXXXXXXXXXXXXXXX.........
............XXXXXXXXXXXXXXXXXXXXXXXXXXXXXXXXXXXXXXXXXXXXXXXXXXXXXXXXXXXXXXXXXXXXXXXXXXXXXXXXXXXXXXX*XXXXXXXXXXXXXXXXXXXXXXXXXXXXXXX.........
...........XXXXXXXX*XXXXXXXXXX*XXXXXXXXXXXXXXXXXXXXX*XXXXXXXXXXXXX*XXXXXXXXXXXXX*XXXXXXXX*XXXXXXXXXXXXXXXXXXXXXXXXXXXX*XXXXXXXXXX...........
.........XXXXXXXXXXXXXXXXXXXXXXXXXXXXXXXXXXXXXXXXXXXXXXXXXXXXXXXXXXXXXXXXXXXXXXXXXXXXXXXXXXXXXXXXXXXXXXXXXXXXXXXXXXXXXXXXXXXXXXXX...........
.........XXXXXXXXXXXXXXXXXXXXXXXXXXXXXXXXXXX*XXXXXXXX*XXXXXXXXXXXXXXXXXXXXXXXXXXXXXXXXXXXXXXXXXXXXXXXXXXXXXXXXXXXXXXXXX*XXXXXXXX............
...........XXXXXXXXXXXXXXXXXXXXXXXXXXXXXXXXXXXXXXXXXXXXXXXXXXXXXXXXXXXXXXXXXXXXXXXXXXXXXXXXXXXXXXXXXXXXXXXXXXXXXXXXXXXXXXXXXXXXXX....XX.....
...........XXXXXXXXXXXXXXXXXXXXXXXXXXXX*XXXXXXXXXXXXXXXXXXXXXXXXX*XXXXXXXXXXXXXXXXXXXXXXXXXXXXX*XX*XXXX*XXXXXXXXXXXXXXXXXXXXXXXXXXX..XX.....
.........XXXXXXXXXXXXXXXXXXXXXXXXXXXXXXXXXXXXXXXXXXXXXXXXXXXXXXXXXXXXXXXXXXXXXXXXXXXXXXXXXXXXXXXXXXXXXXXXXXXXXXXXXXXXXXXXXX*XXXXXXXXXXXX....
.........XXXXXXXXXXXXXXXXXXXXXXXXXXXXXXX*XXXXXXXXXXXXXXXXXXXXXXXXXXXXXXXXXXX*XXXXXXXX*XXXXXXXXXXXXXXXXXXXXXXXXXXXXXXXXXXXXXXXXXXXXXXXXXX....
........XXXXXXXXXXX*XXXXXXXXXXXXXX*XXXXXXXXXXXXXXXXXXXXXXXXXXXXXXXXXXXXXXXXXXXXXXXXXXXXXXXXXXXXXXXXXXXXXXXXXXXXXXXXXXXXXXXXXXXXX*XXXXXX.....
........XXXXXXXXXXXXXXXX*XXXXXXXXXXXXXXXXXXXXXXXXXXXXXXXXXXXXXXXXXXXXXXXXXXXXXXXXXXXXX*XXXXXXXXXXXXXXXXXXXXXXXXXXXXXXXXXXXXXXXXXXXX*XXX.....
........XXXXXXXXXXXXXX*XXXXXXXXXXXXXXXXXXXXXXXXXXXXXXXXXXXXXXXXXXXXXXXXXXXXXXXXXXXXX*XXXXXXXXXXXXXXXXXXXXX*XXXXXXXXXXXXXXXXXXXXXXXXXXXX.....
........XXXXXXXXXXX*XXXXXXXXXXXXXXXXXXXXXXXXXXXXXXXXXXXXXXXXX*XXXXXXXXXXXXXXXXXXXXXXXXXXXXXXXXXXXXXXXXXXXXXXXXXXXXXXXXXXXXXXXXXXXXXXXXXX....
...........XXXXXXXXXXXXXXXXXXXXXXXXXXXXXXXXX*XXXXXXXXX*XXXXXXXXXXXXXXXXXXXXXXXXXXXXXXXXXXXXXX*XXXXXXXXXXXXXXXXXXXXXXXXXXXXXXXXXXXXXXXXXX....
...........XXXXXXXXXXXXXXXXXXXXXXXXXXXXXXXXXX*XXXXXXXXXXXXXXXXXX*XXXXXXXXXXXXXXXXXXX*XXXXXXXXXXXXXXXXXXXXXXXXXXXXXXXXXXXXXXXXXXXXXXXXX......
..........XXXX**XXXXXXXXXXXXXXXXXXXXXXXXXXXXXXXXXXXXXXXXXXXXXXXXXXXXXXXXXXXXXXXXXXXXXXXXXXXXXXXXXXXXXXXXXXXXXXXXXXXXXXXXXXX*XXXXXXXXXXXX....
..........XXXXXXXXXX*XX*XXXXXXXXXXXXXXXX*XXXXXXXXXXXXXXXXXXXXXXXXXX*XXXXXXXXXXXXXXXXXXXXX*XXXXXXXXXXXXXXXXXX*XX*XXXXXXXXXXXXXXXXXXXXXXXX....
..........XXXXXXXXXXXXXXXXX*XXXXXXXXXXXXXXXXXXXXX*XXXXXXXXXXXXXXXXXXXXXXXXXXXXXX*XXXXXXXXXXXXXXXXXXXXX*XXXXXXXXXXXX*XXXXXXXXXXXX*XXXXX......
..........XXXXXXXXXXXXXXXXXXXXXXXXXXXXXXXXXXXXXXXX*XXXXXXXXXXXXXXXXXXXXXXXXXXXXXXXXXXXXXXXXXXXXXXXXXXXXXXXXXXXXXXXXXXXXXXXXXXXXXXXXXXX......
..........XXXXXXXXXXXXXX*XXXXXXXXXXXXXXXXX*XXXXXXXXXXXXXXXXXXXXXXXXXXXXXXXXX*XX*XXXXXXXXXXXXXXXX*XXXX*XXXXXXXXXXXXXXXXXXXXXXXXXXXXX.........
..........XXXX*XX*XXXXXXXX*XXXXXXXXXXXXXXXXXXXXXXXXXXXXXXXXXXXXXXXXXXXXXXXXXXXXXXXXXXXXXXXXX*XXXXXXXXXXXXXXXXXXXXXXXXXXXXXXXXXXXXXXX........
..........XXXXXXXXXXXXXXXXXXXXXXXXXXXXXXXXXXXXXXXXXXXXXXXXXXXX*XXXXXXXXXXXXXXXXXXXXXXXXXXXXXXXXXXXXXXXXXXXXXXXXXXXXXX*XXXXXXXXXXXXXX........
.........XXXXXXXXXXXXXXXXXXXXXXXXXXXXXXXXX*XXXXXXXXXXXXXXXXXXXXXXXXXXXXXXX*XXXXXXXXXXXXXXXXXXXXXXXXXXXXXXXXXXXXXXXXXXXXXXXXXXXXXXXX.........
.........XXXXXXXXXXXXXXXXXXXXXXXXXXXXXXXXXXXXXXXXXXXXXXXXXXXX*XXXXXXXXXXXXXXXXXXX*XXXXXXXX*XXXXXXXXXXXXXXXXXXXXXXXXXXXXXXXXXXXXXX...........
............XXXXXXXXXXXXXXXXXXXXXXXXXXXXXXXXXXXXXXXXXXXXXXXXXXXXXXXXXXXXXXXXXXXXXXXXXXXXXXXXXXXXXXXXXXXX*XXXXXXXXXXXXXXXXXXXXXXXX...........
........XXXXXXXXXXXXXXX*XXXXXXXXXX*XXXXXXXXXXXXXXXXXXXXXXXXXXXXXXXXXX*XXXXX*XXXXXXXXXXXXXXXXXXXXXXXXXXXXXXXXXX*XXXXXXXXXXXXXXXXXX...........
........XXXXXXXXXXXXXXXXXXXXXXXXXXXXXXXXXXXXXXXXXXXXXXXXXXXXXXXXXXX*XXXXXXXXXXXXXXXXXX*XX*XXXXXXXXXXXXXXXXXXXXXXXXXXX*XXXXXXXXXXX...........
........XXXXXXXXXX*XXXXXXXX*XXXXXXXXXXXXXXXXXXXXXXXX*XXXXXXXXXXXXXXXXXXXXXXX*XXXXXXXX*XXXXXXX*XXXXXXXXXXXXXXXXXXXXXXXXXXX*XXXXXX............
......XXXXXXXXXXXXXXXXX*XXXXX*XXXX*XXXXXX*XXXXXXXXX*XX*XXXXXXXXXXXXXXXXXXXX*XXXXXXXXXXXXXXXXXXXXXXXXXXXXXXXXXXXXXXXXXXXXXXXXXXXX............
......XXXXXXXXXXXXXXXXXXXXXXXXXXXXXXXXXXXXXXXXXXX*XXXXXXXXXXXXXXX*XXXXXXXXXXXXXXXXXXXXXXXX*XXX*XXXXXXXXXXXXXXXXXXXXXXXXX*XXXXXXX............
.......XXXXXXXXXXXXXXXXXXXXXXXXXXXXXXXXXXX*XXXXXXXXXXXXXXXXXXXXXX*XXXXXXXXXX*XX*XXXXXXXXXXXXXXXXXXXXXXXXXXXXXXXXXXXXXXXXXXXXXXXXXX..........
.........XXXXXXXXXXXXXXXXX*XXXXXXXXXXXXXXXXXXXXXXXXXXXXXXXXXXXXXXXXXXXXXXXX**XXXXXXXXXXXXXXXXXXXXXXXX*XXXXXXXXXXXXXXXXXXXXXXXXXXXXXXX.......
............XXXXXXXXXXXXXXXXXXXXXXXXXXXXXXXXXXXXXXXXXXXXX*XXXXXXXXXXXXXXXXX*XXXXXXXXXXXX*XXXXXXXXXXXXXXXXX*XXXXXXXXXXXXXXXXXXXXXXXXXX.......
............XXXXXXXXXXXXXXXXXXXXXXXXXXXXXXXXXXXXXXXXXXXXXXXXX*XXX*XXXXXX*XX*XXXXXXXXXXXXXX*XXXXXXXXXXX*XXXXXXXXXXXXXXXXXXXXXXXXXXXXXX.......
.............XXX*XXXXXXXXXXXXXXXXX*XXXXXXXXXXXXXXXXXXXX*XXXXX*XXX***XX****XXXXXXXXXXXXXXXXXXXXXXXXXXXXXXXXXXXXXXXXXXXXXXXXXXX*XXXXXXX.......
.............XXXXXXXXXXXXXXXXXXXXXXXXXXXXXXXXXXXXXXXXXXXXXXXX*************XXXXXXXXXXXXXXXXXXXXXXXXXXXXXXXXXXXXXXXXXXXXXXXXXXXXXXXXX.........
..............XXXXXXXXXXXXXXXXXXXXXXXXXXXXXXX*XX*XXXXXXXXX*XXXXXX***********XXXXXXXXXXXXXXXXXXXX*XXXXXXXXXXXXXXXXXXXXXXXXX*XXXXXXXXX........
...............XXXXXXXXXXXXXXXXXXXXXXXXXXXXXXXXXXXXXXXXXXXXXXXXXX************XXXXXXXXXXXXXXXXXXXXXXXXXXXXX*XXXXXXXXXXX*XXXXXXXXXXXXX........
...........XXXXXXXXXXXXXXXXXXXXXXXXX*XX*XXXXXXXXXXXXXXXXXXXXXXX*XX**********XXXXXXXXXXXXXXXXXXXXXXXXXXXXXXXXXX*XXXXXXXXXXXXXXXXXXXXXX.......
.........XXXXXXXXXXXXXXXXXXXXXXXXXXXXXXXXXXXXXXXXXXXXXXXX*XXXXXXXXX*********XXX*XXXXXXXXXXXXXXXXXXXXXXXXXXXXXXXXXXX*XXXXXXXXXXXXXXXXX.......
.......XXXXXXXXXXXXXXXXXXXXXXXXXXXXXXXXX*XXXXXXXXXXXXXXXXXXXXXXXXXX*********XX**XXXXXXXXXXXXXXXXXXXXXXXXXXXXXXXXXXXXXXXXXXXXX*XXXXXXX.......
.......XXXXXXXXXXXXXX*XXXXXXXXXX*XXXXXXXXXXXXXXXXX*XXXXXXXXXXXXXXX***************XXXXXXXXXXXXXXXXXX*XXXXXXXXXXXXXXXXXXXXXXXXXXXXXXXXX.......
..........XXXXXXXXXXXXXXXXXXXXXXXXXXXXXXXXXXXXXXXXXXXXXXXXXXXXXXX*****************XX*XXXX*XXXXXXXXXXXXXXXXXXXXXXXXXXXXXXXXXXXXXXXXXXX.......
............XXXXXXXXXXXXXXXXXXXXXXXXXXX*XXXXXXXXXXXXXXXXXX*XXXXXX**************XXXXXXXXXXXX*XXXXXXXXXXXXXXXXXXXXXXXX*XXXXXXXXXXXXXXXX.......
.......XX...XXXXXXXXXXXXXXXXXXXXXXXXX*XXXX*XXXXXXXXX*XXXXXXXXXXX***************XXXXXXXXXXXXXXXXXXXXXXXXXXXXXXX*XXXXXXXXXXXXXXXXX*XXX........
.......XXXX.XXXXXXXXXXXXXXXXXXXXXXXXXXXXXXXXXXXXXXXXXXXXXXXXXXXX******************XXXXXXXXXXXXXXXXXXXX*XXXXXXXXXXXXXXXXXXXXXXXXXXXXX........
.......XXXXXXXXXXXXXXXXXXXXXXXXXXXXXXXXXXXXXXXXXXXXXXXXX*XX*XXXX******************XXXXXXXXXXXXXXXXXX*XXXXXXXXXXXXXXXXXXX*XXXXXXXXXX.........
.......XXXXXXXXXXXXXXXXXXXXXXXXXXXXX*XXXXXXXXXXXXXXXXXXXXX**XXXX*******************XXXXXXXXXXXXXXXXXXXXXXXXXXX*XXXXXXXXXXXXXXXXXXXXXXXXX....
..........XXXXXXXXXXXXXXXXXXXXXXXXXXXXXXXXXXXXX*XXXXXXXXXX**XXXXX****************XXXXXXXXXXXXXXXXXXXXXXXXXXXXXXXXXX*XXXXXXXXXXXXXXXXXXXX....
..........XXXXXXXXXXXXXXXXXXXXXXXXXXXXXXXXXXXXXXXXXXXXXXXXX*XXXXXXXXXX***********XXXXXXXXXXXXX*XXXXXXXXXXXXXXXXXXXXXXXXXXXXXXXXXXXXXXXXX....
...........XXXXXXXXXXXXXXXXXXXXXXXXXXXXXXXXXXXXXXXXXXXXXXXXXXXXXXXXXXX***********XXXXXXXXXX*XXXXXXXXXXXXXXXXXXXXXXXXXXXXXXXXXXXXXXXXXXXXXX..
...........XXXXXXXXXXXXXXXXXXXXXXXXXXXXXXXXXXXX*XXXXXX*XXXXXXXXXXXXXXX*XX****XXX*XXXXXXXXXXXXXXXXXXXXXXXXXXXXXXXXXXXXXXXXXXXXXXXXX*XX*XXXXX.
.............XXXXX*XXXXXX*XX*XXXXXXXXXXXXXXXXX*XXXXXXXXX*XXXXXXXXXXXXXXXX****XXXXXXXXXXXXXXXXXXXXXXXXXXXXXXXXXXXXXXXXXXXXXXXXXXXXXXXXXXXXXX.
...........XXXXX*XXXXXXXXXXXXXXXXXXXXXXXXXXXXXXXXXXXXXXXXXXXXXXXXXXXXXXXX***XXXXXXXXXXXXXXXXXXXXXXXXXXXX*XXXXXXXXXXXXXXXXXXXX*XXX*XXXXXXXX..
...........XXXXXXXXXXXXXXXXXXXXX*XXXXXXXXXX*XXXXXXXXXXXXXXXXXXXXXXXXXXXXX*XXXXXXXXXXXXXXXXXXXXXXXXXXXXXXXXXXXXXXXXXXXXXXXXXXXXXXXXXXXXXXXXX.
..........XXXXXXXXXXXXXXXXXXXXXXXXXXXXXXXXXXXXXXXXXXXXXXXXXXXXXXXXXXXXXXX*XXXXX*XXXXXXXXXXXXXXXXXXXXXXX*XXXXXXXXXXXXXXXXXXXXXXXXXXXXXXXXXXX.
..........XXXXXXXXXXXXXXXXXXXXXXXXXXXXXXXXXXXXXXXXXXXXXXXXXXXXXXXXXXXXXXXXXXXXXXXXXXXX*XXXXXXXXXXXXXXXXXXXXXXXXXXX*XXXXXXXXXXXXXXXXXXXXXXX..
...........XXXXXXXXXXXXXXXXXXXXXXX*XXXXXXXXXXXXXXXXXXX*XXX*XXXXXXXXXXXXXXXXXXXXXXX*XXXXXXXXXXXXXXXXXXXXXXXXXXXXXXXXXXXXXXXXXXXXXXXXXXXXXXX..
............XXXXXXXXXXXXXXXXXXXXXXXXXX*XXXXXXXXXXXXXXXXXXXXXXXXXXX*XXXXXXXXXXXXXXXXXXXXXXXXXXXXXXXXXXXXXXXXXXXXXXXXXXXXXXXX*XXXXXXXX*XXXXX..
...........XXXXXXXXXXXXXXXXXXXXXXXXXXXXXXXXXXXXXXXXXXXXXXXXXXXXXXXXXXXXXXX*XXXXXXXXXXXXXXXXX*XXXXXXXXXXXXXXXXXXXXXXXXXXXXXXXXXXXXXXXXXXXXXXX
...........XXXXXXXXXXXXXXXXXXXXXXXXXXXXXXXXXXXXXXXXXXXXXXXXXXXXX*XXXXXXXXXXXXXXXXXXX*XXXXXXXXXXXXXXXXXXXXXXXX*XXXXXXXXXXXXXXXXXXXXXXXXX.XXXX
............XXXXXXXXXXXXXXXXXXXXXXXXXXXXXXXX*XXXXXXXXXXXXXXXXXXXXXXXXXXXXXXXXXXXXXXXXXXXX*XXXXXXX*XXXXXXXXXXXXXXXXXXXXXXXXXX*XXXXXXXXX....XX
............XXXXXXXXXXXXXXXXXXXXXXXXXXXXXXXXXXXXXXXXXXXXXXXXXXXXXXXXXXXXXXXXXXXXXXXXXX*XXXXXXXXXXXXXXXXXXXXXXXXXXXXXXXXXXXX**XX*XXXXXXXX....
...........XX*XXXXXXXXXXXXXXXXXXXXXXXXXXXXXXXXXXXXXXXXXXXXXXXXXXXXXXXXXXXXXXXXXXXXXXXXXXXXXXXXXXXXXXXXXXXXXXXXXXXXXXXXXXXXXXXXX*XXXXXXXX....
...........XXXXXXXXXXXXXXXXXXXXXXXXXXXXXXXXXXXXXXXXXXXXXXXXXXXXXX*XXXXXXXXXXXXXXXXX*XXXXXXXXX*XXXXXXXXXXXXXXXXXXXX*XXXXX*XXXXXX*XXXXXXX.....
...........XXXXXXXXXXXXXXXXXXXXXXXXXXXXXXXXXXXXXXXXXXXXXXXXXXX*XXXXXXXXXXXXXXXXXXXXXXXXXXXXXXXXXXXXXXXXXXXXXXXXXXXXXXXXXXXXXXX****XXXXX.....
............XXXXXXXXXXXXXXXXXXXXXXXXXXXXXX*XXXXXXXXXXXXXXXXXXXXX*XXXXXXXXXXXXXXXXXXXXXXXXXXXXXXXXXXXXXXXXXXXXXXXXXXXXXXXXXXXXX*XX*XX.XX.....
.............XXXXXXXXXXXXXXXX*XX*XXXXXXXXX*XXXXXXXXXXXXXXXXXXXXXXXXXXXXXXXXXXXXXXXXXX*XX*XXXXXXXXXXXXXXXXXXXXXXXXXXX*XXXXXX*XXXXXXX.........
.............XXXXXXXXXXXXX*XXXXXXXXX*XXXXXXXXXXXXXXXXXXXXXXXXXXXXXXXXXXXXXXXXXXXXXXXXXXXXXXXXXXXXXXXXXXXXXXXXXXXXXXXXXXXXXXXXXXXXXX.........
...............XX*XXXXXXXXXXXXXXXXXXXXXXXXXXXXXXXXXXXXXXXXXXXXXX*XXXXXX*XXXXXXXXXXXXXXXXXXXXXXX*XXXXXXXXXXXXXXXXXXXXXXXXXXXXXXXXXXXX........
..............XXXXXXXXXXXXXXXXXXXXXXXXXXXXXXXXXXXXXXXX*XXXXXXXXXXXXXXXXXXXXXXXXXXXXXXXXXXXXXXXXXXXXX*XXXXXXXXXXXXX*XXXXXXXXXXXXXXXXX........
..............XXXXXXXXXXXX*XXXXXXXXXXXXX*XXX*XXXXXXXXXXXXXXXXXXXXXXXXXXXXXXXXXXXXXXXXXXXXXXXXXXXXXXXXXXXXXXXXXXXX*XXXXXXXXXXXXXX**XX........
.............XX*XXXXXX*XXXXXXXXXXXXXXXXXXXXXXXXXXXXXXXXXXXXXXXXXXXXXXX*XX*XXXXX*XX*XXXXXXXXXXXXXXXXXXXXXXXXXX*XXXXXXXXXXX*XXXXXXXXXX........
............XXXXXXXXXXXXXXXXXXXXXXXXXXXXXXXXXXXXXXXXXXXXXXXXXXXXXXXXXXXXXXXXXXXX*XXXXXX*XX*XXXXXXXXXXX*XXXXXXXXXXXXXXXXX*XX*XXXXXXXX........
............XXXXXXXXXXXXXXXXXXXXXXXXXXXXXXXXXXXXXXXXXXXXXXXXXXXXXX*XXXXXXXXX*XXXXXXXXXXXXXXXXXXXXXXXXXXXXXXXXXXXX*XXXXXXXXXXXXXXX...........
............XXXXXXXXXXXXXXXXXXXXXXXXXXXXX*XXXXXXXXXXXXXXXXXXXXXXXXXXXXXXXXXXXXXXXXXXXXXXXXXXXXXXXXXXXXXXXXXXXXXXXXXXXXXXXXXXXXXXX...........
.............XXXXXXXXXXXXXXXXXXXXXXXXXXXXXXXXXXXXXXXXXXXXXXXXXXXXXXXX*XXXXXXXXXXXXXXXXX*XXXXXXXXXXXX*XXXXXXXXXXXXXXXXXXXXXXXXXXX............
.............XXXXXX*XXXXXXXXXXXXXXXXXXXXXXXXXXXXXXXXXXXXXXXXXXXXXXXXXXXXXXXXXXXXXXXXXXXXXXXXXXXXXXXXXXXXXXXXXXXXXXXXXXXXXXXXXXXXXXX.........
................XXXX.XXXXXXXXXXXXXXXXX*XXXXXXXXXXXXXXXXXXX*XXXXXXXXXXXXXXXXXXXXXXXXXXXXXXXXXXXXXXXXXXXXXXXXXXXXXXXXXXXXXXXXXXXXXXXX.........
...............XXXXX.XXX*XXXXXXXXXXXXXXXXXXXXXXXXXXXXXXXXXXX*XXXXXXXX*XXXXXXXXXXXXXXXXXXXXXXXXXXXXXXXXXXXXXXXXXXXXXXXXXXXXXXXXXXXX..........
...............XXXX...XXXXXXXXXXXXXXXXXXXXXXXXXXXXXXXXXXXXXXXXXXXXXXXXXXXXXXXXXXXXX*XXXXXXXXXXXXXXXXXXXXXXXXXXXX*XXXXXXXXXXXXX*XXX..........
.................XX...XXXXXXXXXXXXXXXXXXXXXXXXXXXXXXXXXXXXXXXXXXXXXXXXXX*XXXX*XXXXXXXXXXXXXXXXXXXXXXXXXXXXXXXXXXXXXXXXXXXXXXXXXXXX..........
......................XXXX*XXXXXX*XXXXXXXXXXXXXXXXXXXXX*XXXXXXXXXXXXXXXXXXXXXXXXXXXXXX*XXXXXXXXXXXX*XX*XXXXXXXXXXXXXXXXXXXXXXXXXX...........
....................XXXXXXXXX*XXXXXXXXXXXXXXXX*XXXXXXXXXXXXXXXX*XXXXXXXXXXXXXXXXXXXXXXXXXXXXXXXXXXXXXXXXXXXXXXXXXXXXXXXXXXXX*XXXX...........
....................XXXXXXXXXXXXXXXXXXXXXXXXXXXXXXXXXXXXXXXXXXXXXXXXXXXXXXXXX*XXXXXXXXXXXXXXXXXXXXXXXXXX*XXXXXXXXXXXXXXXXXXXXXXX............
....................XXXXXXXXXXXXXXXXXXXXXXXXXXXXXXX*XXXXXXXXXXXX*XXXXXXXXXXXX*XXXXXXXXXXXXXXXXXXXXXXXXXXXXXXXXXXXXXXXXXXXXXXXXXX.XX.........
.................XXXXXXXXXXXXXXXXXXXXXXX*XXXXXXXXXXXXXXXXXXXXXXXXXXXXXXXXXXXXXXXXXXXXXXXXXXX*XXXXXXXX*XXXXXXXXX*XXXXXXXXXXXXXXXXXXX.........
.................XXXXXXXXXXX*XXXXXXXXXXXXXXXXXXXXXXXXXXXXXXXXXXXXXXXXXXXXXXXXXXXXXXXXXXXXXXXXXXXXXXXXXXXXXXXXXXXXXXXXXXXXXXXXXXXXXXXX.......
....................XXXXXXXXXXXXXXXXXXXXXXX*XXXXX*XXXXXXXXXXXXXXXXXXXXXXXXXXX*XXXXXXXXXXXXX*XXXXXXXXXXXXXXXXXXXXXXXXXXXXX*XXXXXXXXXXX.......
....................XXXXXXXXXXXXXXXXXXXXXXXXXXXXXXXXXXXXXXXXXXXXXXXXXXXXXXXXXXXX*XXXXXXXXXXXXXXXXXX*XXXXXXXXXXXXXXXXXXXXXXXXXXXX*XXXX.......
....................XX.XXXXXXXXXXX*XXXXXXXXX*XXXXXXXXX*XXXXXXXXXXXXXXXXXXXXXXXXXXXXXXXXXXXXXXXXXXXXXXXXXXXXXXXXXXXXXXXXXXXXXXXXXXXXXX.......
.......................XXXXXXXXXXXXXXXXXXXX*XXXXXXXXXXXXXXXXXXXXXXXXXXXXXXXXXXXXXXXXXXXXXXXXXX*XXXXXXX*XXXXXX*XXXXX*XXX*XXXXXXXXX...........
.......................XXXX*XXXXXXXXXXXXXXXXXXXXXX*XXXXXXXXXXXXXXXXXXXXXXXXXXXXXXXXXXXXXXXXXXXXXXXXXXXXXXXXXXXX*XXXXXXXXXXXXXXXXX...........
.......................XXXXXXXXXXXXXXXXXXX*XXX*XXXXXXXXXXXXXXXXXXXXXXXXXXXXXXXXXXXXXXXXXXXXXXXXXXXXXXXXXXXXXXXXXXXXXXXXXX..XX.XXX...........
.......................XXX.XXXXXXXXXX*XXXXXXXXXXXXXXXXXXXXXXXXXXX*XXXXXXXXXXXXXXXX*XXXXXXXXX*XXXXXXXXXXXXXXXXXXXXXXXXXXX....................
.......................XXX.XXXXXXXXXXXXXXXXXXXXXXXXXXXXXXXXXX*XX*XXXXXX*XXXXX**XXXXXXXXXXXXXXXXXX*XXXXXXXXXXXXXX*XXXXXXX....................
...........................XXXXXXXXXXXXXXXXXXXXXXXXXXXXXXXXXXXXXXXXXXXXXXXXXXXXXXXXXXXXXXXXXXXXXXXXXXXXXXXXXXXXXXXXXXXX.....................
...........................XXXXXXX*XXXXXXXXXXXXXXXXXXXXXXX*XXXXXXXXXXXXXXXXXXXXXXXXXXXXXXXXXXXXXXXXXXX*XXXXXXXXXXXXXXXX.....................
...........................XXXXXXXXXXXXXXXXXXXXXXXXXXXXXXXXXXXXXXXXXXXXXXXXXXXXXXXXXXXXXXXXXXXXX*XXXXXXXXXXXXXXX*XXXXXX.....................
................................XXXXXXX*XXXXXXXXXX*XXXXXXXX*XX*XXXX*XXXXXXXXXXXXXXXXXXXXXXXXXXX*XXXXXXXXXXXXXXXXXXXXX.......................
..................................XX...XXXXXXXXXXXXXXXXXXXXXXXXXXXXXXXXXXXX*XX*XXXXXXXXXXXXXXXXXXXXXXXXXXXXXXXXXXXXXX.......................
.......................................XXXXXXXXXXXXX..XXXXXXXXXXXXXXXXXXXXXXXXXXXXXXXXXXXXXXXXXXXXXX*XXXXXXXX*XXXX..........................
.......................................XXXXXXXXXXXXX..XX*XX*XXXXXXXXXXXXXXXXXXXXX*XXXXXXXXXXXXX*XXXXXXXXXXXXXXXXXX..........................
.......................................XXXXX..XXX.XX....XXXXXXXXXXXXXXXX*XXXXXXXX*XXXXXXXXXXXXXXXXXXXXXXXXXXXXXXX...........................
...............................................XX.......XXXXXXXXXXXXXXXXX..XXXXXXXXXXXXXXXXXX*XXXXXXXX*XXXX*XXXXX...........................
.......................................................XXXXXXXXXXXXXXXXXX...XXXXXXXXXXXXXXXXXXXXXXXXXXXXXXXXXX*XX...........................
.......................................................XXXXXXXXXXXXXXXXX......XXXXXXX..XXXXXXXXXXXXXXXXXXXXXXXXXX...........................
.....................................................XXXXXXXXXXXX.XXXX.........XX..XX..XXX..XXXXXXXXXXXXXXXXXXXXX...........................
.....................................................XXXXXXXXXXX....XX.............XX...XX..XXXXXXXXXXXXXXXXXXXXXX..........................
.....................................................XXXXXXXXXXX....XX......................XXXXX*XX*XX*XXXXXXXXXXX.........................
.....................................................XXXXXXXXXX.............................XXXX.XXXXXXXXXXXXXXXXXX.........................
.....................................................XXXXXXXXXX.............................XXXX.XXXXXXXXXXXXXXX.XX.........................
